{
  "data": {
    "addBugReport": {
      "bugReport": {
        "id": "QnVnUmVwb3J0Cmkx",
        "description": "This joke was despicable!!!!!!!"
      },
      "errors": null
    }
  }
}
