{
  "data": {
    "jokes": {
      "nodes": [
        {
          "id": "Sm9rZQppMQ==",
          "body": "What do you call a cow with no legs? Ground Beef!",
          "length": "SMALL"
        },
        {
          "id": "Sm9rZQppMg==",
          "body": "What do you call a cow jumping over a barbed wire fence? Utter destruction.",
          "length": "SMALL"
        },
        {
          "id": "Sm9rZQppNA==",
          "body": "What\u0027s black and white and red all over? A newspaper.",
          "length": "SMALL"
        },
        {
          "id": "Sm9rZQppNQ==",
          "body": "So, this guy walks into a bar. And says, \u0022ouch\u0022.",
          "length": "SMALL"
        },
        {
          "id": "Sm9rZQppNg==",
          "body": "If the opposite of pro is con, isn\u0027t the opposite of progress, congress?",
          "length": "SMALL"
        },
        {
          "id": "Sm9rZQppNw==",
          "body": "What do you call a guy with no arms or legs floating in the ocean? Bob!",
          "length": "SMALL"
        },
        {
          "id": "Sm9rZQppOA==",
          "body": "I went to a wedding the other day.  Two antennas were getting married.  It wasn\u0027t much of a wedding ceremony, but it was one heck of a reception!",
          "length": "SMALL"
        },
        {
          "id": "Sm9rZQppOQ==",
          "body": "There\u0027s this dyslexic guy... he walked into a bra...",
          "length": "SMALL"
        }
      ]
    }
  }
}
