{
  "errors": [
    {
      "message": "The current user is not authorized to access this resource.",
      "locations": [
        {
          "line": 2,
          "column": 19
        }
      ],
      "path": [
        "jokes"
      ],
      "extensions": {
        "code": "AUTH_NOT_AUTHENTICATED"
      }
    }
  ],
  "data": {
    "jokes": null
  }
}
